/Users/mushfiqurrahmanchowdhury/Documents/gson/specimin-out/29_nextNonWhitespace/com/google/gson/stream/JsonReader.java:39: error: [array.access.unsafe.low] Potentially unsafe array access: the index could be negative.
            int c = buffer[p++];
                            ^
  found   : int
  required: an integer >= 0 (@NonNegative or @Positive)
/Users/mushfiqurrahmanchowdhury/Documents/gson/specimin-out/29_nextNonWhitespace/com/google/gson/stream/JsonReader.java:39: error: [array.access.unsafe.high] Potentially unsafe array access: the index could be larger than the array's bound
            int c = buffer[p++];
                            ^
  found   : int
  required: @IndexFor("buffer") or @LTLengthOf("buffer") -- an integer less than buffer's length
/Users/mushfiqurrahmanchowdhury/Documents/gson/specimin-out/29_nextNonWhitespace/com/google/gson/stream/JsonReader.java:58: error: [array.access.unsafe.low] Potentially unsafe array access: the index could be negative.
                char peek = buffer[pos];
                                   ^
  found   : int
  required: an integer >= 0 (@NonNegative or @Positive)
/Users/mushfiqurrahmanchowdhury/Documents/gson/specimin-out/29_nextNonWhitespace/com/google/gson/stream/JsonReader.java:58: error: [array.access.unsafe.high] Potentially unsafe array access: the index could be larger than the array's bound
                char peek = buffer[pos];
                                   ^
  found   : int
  required: @IndexFor("buffer") or @LTLengthOf("buffer") -- an integer less than buffer's length
4 errors
