/Users/mushfiqurrahmanchowdhury/Documents/gson/specimin-out/66_EnumTypeAdapter/com/google/gson/internal/bind/EnumTypeAdapter.java:32: error: [array.access.unsafe.high] Potentially unsafe array access: the index could be larger than the array's bound
                    fields[constantCount++] = f;
                                        ^
  found   : int
  required: @IndexFor("fields") or @LTLengthOf("fields") -- an integer less than fields's length
/Users/mushfiqurrahmanchowdhury/Documents/gson/specimin-out/66_EnumTypeAdapter/com/google/gson/internal/bind/EnumTypeAdapter.java:37: error: [argument] incompatible argument for parameter initialCapacity of HashMap constructor.
            nameToConstant = new HashMap<>(hashMapCapacity);
                                           ^
  found   : int
  required: @NonNegative int
/Users/mushfiqurrahmanchowdhury/Documents/gson/specimin-out/66_EnumTypeAdapter/com/google/gson/internal/bind/EnumTypeAdapter.java:38: error: [argument] incompatible argument for parameter initialCapacity of HashMap constructor.
            stringToConstant = new HashMap<>(hashMapCapacity);
                                             ^
  found   : int
  required: @NonNegative int
/Users/mushfiqurrahmanchowdhury/Documents/gson/specimin-out/66_EnumTypeAdapter/com/google/gson/internal/bind/EnumTypeAdapter.java:39: error: [argument] incompatible argument for parameter initialCapacity of HashMap constructor.
            constantToName = new HashMap<>(hashMapCapacity);
                                           ^
  found   : int
  required: @NonNegative int
4 errors
