/Users/mushfiqurrahmanchowdhury/Documents/gson/specimin-out/12_peekKeyword/com/google/gson/stream/JsonReader.java:27: error: [array.access.unsafe.low] Potentially unsafe array access: the index could be negative.
        char c = buffer[pos];
                        ^
  found   : int
  required: an integer >= 0 (@NonNegative or @Positive)
/Users/mushfiqurrahmanchowdhury/Documents/gson/specimin-out/12_peekKeyword/com/google/gson/stream/JsonReader.java:27: error: [array.access.unsafe.high] Potentially unsafe array access: the index could be larger than the array's bound
        char c = buffer[pos];
                        ^
  found   : int
  required: @IndexFor("this.buffer") or @LTLengthOf("this.buffer") -- an integer less than this.buffer's length
/Users/mushfiqurrahmanchowdhury/Documents/gson/specimin-out/12_peekKeyword/com/google/gson/stream/JsonReader.java:52: error: [array.access.unsafe.low] Potentially unsafe array access: the index could be negative.
            c = buffer[pos + i];
                           ^
  found   : int
  required: an integer >= 0 (@NonNegative or @Positive)
/Users/mushfiqurrahmanchowdhury/Documents/gson/specimin-out/12_peekKeyword/com/google/gson/stream/JsonReader.java:52: error: [array.access.unsafe.high] Potentially unsafe array access: the index could be larger than the array's bound
            c = buffer[pos + i];
                           ^
  found   : @LTLengthOf(value="keyword", offset="-this.pos") int
  required: @IndexFor("this.buffer") or @LTLengthOf("this.buffer") -- an integer less than this.buffer's length
/Users/mushfiqurrahmanchowdhury/Documents/gson/specimin-out/12_peekKeyword/com/google/gson/stream/JsonReader.java:53: error: [argument] incompatible argument for parameter index of String.charAt.
            boolean matched = c == keyword.charAt(i) || (allowsUpperCased && c == keywordUpper.charAt(i));
                                                                                                      ^
  found   : @LTLengthOf(value="keyword", offset="0") int
  required: @LTLengthOf("keywordUpper") int
/Users/mushfiqurrahmanchowdhury/Documents/gson/specimin-out/12_peekKeyword/com/google/gson/stream/JsonReader.java:58: error: [array.access.unsafe.low] Potentially unsafe array access: the index could be negative.
        if ((pos + length < limit || fillBuffer(length + 1)) && isLiteral(buffer[pos + length])) {
                                                                                     ^
  found   : int
  required: an integer >= 0 (@NonNegative or @Positive)
/Users/mushfiqurrahmanchowdhury/Documents/gson/specimin-out/12_peekKeyword/com/google/gson/stream/JsonReader.java:58: error: [array.access.unsafe.high] Potentially unsafe array access: the index could be larger than the array's bound
        if ((pos + length < limit || fillBuffer(length + 1)) && isLiteral(buffer[pos + length])) {
                                                                                     ^
  found   : @LTLengthOf(value="keyword", offset="-this.pos - 1") int
  required: @IndexFor("this.buffer") or @LTLengthOf("this.buffer") -- an integer less than this.buffer's length
7 errors
