/Users/mushfiqurrahmanchowdhury/Documents/gson/specimin-out/63_charAt/com/google/gson/internal/Streams.java:27: error: [override.return] Incompatible return type.
            public int length() {
                   ^
  found   : int
  required: @NonNegative int
  Consequence: method in CurrentWrite
    int length(CurrentWrite this)
  cannot override method in CharSequence
    @NonNegative int length(CharSequence this)
/Users/mushfiqurrahmanchowdhury/Documents/gson/specimin-out/63_charAt/com/google/gson/internal/Streams.java:27: error: [override.return] Incompatible return type.
            public int length() {
                   ^
  found   : int
  required: @LTEqLengthOf("this") int
  Consequence: method in CurrentWrite
    int length(CurrentWrite this)
  cannot override method in CharSequence
    @LTEqLengthOf("this") int length(CharSequence this)
/Users/mushfiqurrahmanchowdhury/Documents/gson/specimin-out/63_charAt/com/google/gson/internal/Streams.java:32: error: [array.access.unsafe.low] Potentially unsafe array access: the index could be negative.
                return chars[i];
                             ^
  found   : int
  required: an integer >= 0 (@NonNegative or @Positive)
/Users/mushfiqurrahmanchowdhury/Documents/gson/specimin-out/63_charAt/com/google/gson/internal/Streams.java:32: error: [array.access.unsafe.high] Potentially unsafe array access: the index could be larger than the array's bound
                return chars[i];
                             ^
  found   : int
  required: @IndexFor("this.chars") or @LTLengthOf("this.chars") -- an integer less than this.chars's length
4 errors
