/Users/mushfiqurrahmanchowdhury/Documents/gson/specimin-out/10_endObject/com/google/gson/stream/JsonReader.java:26: error: [array.access.unsafe.low] Potentially unsafe array access: the index could be negative.
            pathNames[stackSize] = null;
                      ^
  found   : int
  required: an integer >= 0 (@NonNegative or @Positive)
/Users/mushfiqurrahmanchowdhury/Documents/gson/specimin-out/10_endObject/com/google/gson/stream/JsonReader.java:26: error: [array.access.unsafe.high] Potentially unsafe array access: the index could be larger than the array's bound
            pathNames[stackSize] = null;
                      ^
  found   : int
  required: @IndexFor("this.pathNames") or @LTLengthOf("this.pathNames") -- an integer less than this.pathNames's length
/Users/mushfiqurrahmanchowdhury/Documents/gson/specimin-out/10_endObject/com/google/gson/stream/JsonReader.java:27: error: [array.access.unsafe.low] Potentially unsafe array access: the index could be negative.
            pathIndices[stackSize - 1]++;
                                  ^
  found   : int
  required: an integer >= 0 (@NonNegative or @Positive)
/Users/mushfiqurrahmanchowdhury/Documents/gson/specimin-out/10_endObject/com/google/gson/stream/JsonReader.java:27: error: [array.access.unsafe.high] Potentially unsafe array access: the index could be larger than the array's bound
            pathIndices[stackSize - 1]++;
                                  ^
  found   : int
  required: @IndexFor("this.pathIndices") or @LTLengthOf("this.pathIndices") -- an integer less than this.pathIndices's length
4 errors
