/Users/mushfiqurrahmanchowdhury/Documents/gson/specimin-out/80_popStack/com/google/gson/internal/bind/JsonTreeReader.java:13: warning: [type.anno.before.modifier] write type annotation @CanIgnoreReturnValue immediately before type, after modifiers [private]
    private Object popStack() {
                   ^
/Users/mushfiqurrahmanchowdhury/Documents/gson/specimin-out/80_popStack/com/google/gson/internal/bind/JsonTreeReader.java:13: warning: [type.anno.before.modifier] write type annotation @CanIgnoreReturnValue immediately before type, after modifiers [private]
    private Object popStack() {
                   ^
/Users/mushfiqurrahmanchowdhury/Documents/gson/specimin-out/80_popStack/com/google/gson/internal/bind/JsonTreeReader.java:13: warning: [type.anno.before.modifier] write type annotation @CanIgnoreReturnValue immediately before type, after modifiers [private]
    private Object popStack() {
                   ^
/Users/mushfiqurrahmanchowdhury/Documents/gson/specimin-out/80_popStack/com/google/gson/internal/bind/JsonTreeReader.java:13: warning: [type.anno.before.modifier] write type annotation @CanIgnoreReturnValue immediately before type, after modifiers [private]
    private Object popStack() {
                   ^
/Users/mushfiqurrahmanchowdhury/Documents/gson/specimin-out/80_popStack/com/google/gson/internal/bind/JsonTreeReader.java:13: warning: [type.anno.before.modifier] write type annotation @CanIgnoreReturnValue immediately before type, after modifiers [private]
    private Object popStack() {
                   ^
/Users/mushfiqurrahmanchowdhury/Documents/gson/specimin-out/80_popStack/com/google/gson/internal/bind/JsonTreeReader.java:13: warning: [type.anno.before.modifier] write type annotation @CanIgnoreReturnValue immediately before type, after modifiers [private]
    private Object popStack() {
                   ^
/Users/mushfiqurrahmanchowdhury/Documents/gson/specimin-out/80_popStack/com/google/gson/internal/bind/JsonTreeReader.java:13: warning: [type.anno.before.modifier] write type annotation @CanIgnoreReturnValue immediately before type, after modifiers [private]
    private Object popStack() {
                   ^
/Users/mushfiqurrahmanchowdhury/Documents/gson/specimin-out/80_popStack/com/google/gson/internal/bind/JsonTreeReader.java:14: error: [array.access.unsafe.low] Potentially unsafe array access: the index could be negative.
        Object result = stack[--stackSize];
                              ^
  found   : int
  required: an integer >= 0 (@NonNegative or @Positive)
/Users/mushfiqurrahmanchowdhury/Documents/gson/specimin-out/80_popStack/com/google/gson/internal/bind/JsonTreeReader.java:14: error: [array.access.unsafe.high] Potentially unsafe array access: the index could be larger than the array's bound
        Object result = stack[--stackSize];
                              ^
  found   : int
  required: @IndexFor("this.stack") or @LTLengthOf("this.stack") -- an integer less than this.stack's length
/Users/mushfiqurrahmanchowdhury/Documents/gson/specimin-out/80_popStack/com/google/gson/internal/bind/JsonTreeReader.java:15: error: [array.access.unsafe.low] Potentially unsafe array access: the index could be negative.
        stack[stackSize] = null;
              ^
  found   : int
  required: an integer >= 0 (@NonNegative or @Positive)
/Users/mushfiqurrahmanchowdhury/Documents/gson/specimin-out/80_popStack/com/google/gson/internal/bind/JsonTreeReader.java:15: error: [array.access.unsafe.high] Potentially unsafe array access: the index could be larger than the array's bound
        stack[stackSize] = null;
              ^
  found   : int
  required: @IndexFor("this.stack") or @LTLengthOf("this.stack") -- an integer less than this.stack's length
4 errors
7 warnings
