/Users/mushfiqurrahmanchowdhury/Documents/gson/specimin-out/77_endObject/com/google/gson/internal/bind/JsonTreeReader.java:18: error: [array.access.unsafe.low] Potentially unsafe array access: the index could be negative.
        pathNames[stackSize - 1] = null;
                            ^
  found   : int
  required: an integer >= 0 (@NonNegative or @Positive)
/Users/mushfiqurrahmanchowdhury/Documents/gson/specimin-out/77_endObject/com/google/gson/internal/bind/JsonTreeReader.java:18: error: [array.access.unsafe.high] Potentially unsafe array access: the index could be larger than the array's bound
        pathNames[stackSize - 1] = null;
                            ^
  found   : int
  required: @IndexFor("this.pathNames") or @LTLengthOf("this.pathNames") -- an integer less than this.pathNames's length
/Users/mushfiqurrahmanchowdhury/Documents/gson/specimin-out/77_endObject/com/google/gson/internal/bind/JsonTreeReader.java:22: error: [array.access.unsafe.high.range] Potentially unsafe array access: the index could be larger than the array's bound
            pathIndices[stackSize - 1]++;
                                  ^
  index type found: @IntRange(from=0, to=2147483646) int
  array type found: int []
  required        : index of type @IndexFor("this.pathIndices") or @LTLengthOf("this.pathIndices"), or array of type @MinLen(2147483647)
/Users/mushfiqurrahmanchowdhury/Documents/gson/specimin-out/77_endObject/com/google/gson/internal/bind/JsonTreeReader.java:27: warning: [type.anno.before.modifier] write type annotation @CanIgnoreReturnValue immediately before type, after modifiers [private]
    private Object popStack() {
                   ^
/Users/mushfiqurrahmanchowdhury/Documents/gson/specimin-out/77_endObject/com/google/gson/internal/bind/JsonTreeReader.java:27: warning: [type.anno.before.modifier] write type annotation @CanIgnoreReturnValue immediately before type, after modifiers [private]
    private Object popStack() {
                   ^
/Users/mushfiqurrahmanchowdhury/Documents/gson/specimin-out/77_endObject/com/google/gson/internal/bind/JsonTreeReader.java:27: warning: [type.anno.before.modifier] write type annotation @CanIgnoreReturnValue immediately before type, after modifiers [private]
    private Object popStack() {
                   ^
/Users/mushfiqurrahmanchowdhury/Documents/gson/specimin-out/77_endObject/com/google/gson/internal/bind/JsonTreeReader.java:27: warning: [type.anno.before.modifier] write type annotation @CanIgnoreReturnValue immediately before type, after modifiers [private]
    private Object popStack() {
                   ^
/Users/mushfiqurrahmanchowdhury/Documents/gson/specimin-out/77_endObject/com/google/gson/internal/bind/JsonTreeReader.java:27: warning: [type.anno.before.modifier] write type annotation @CanIgnoreReturnValue immediately before type, after modifiers [private]
    private Object popStack() {
                   ^
/Users/mushfiqurrahmanchowdhury/Documents/gson/specimin-out/77_endObject/com/google/gson/internal/bind/JsonTreeReader.java:27: warning: [type.anno.before.modifier] write type annotation @CanIgnoreReturnValue immediately before type, after modifiers [private]
    private Object popStack() {
                   ^
/Users/mushfiqurrahmanchowdhury/Documents/gson/specimin-out/77_endObject/com/google/gson/internal/bind/JsonTreeReader.java:27: warning: [type.anno.before.modifier] write type annotation @CanIgnoreReturnValue immediately before type, after modifiers [private]
    private Object popStack() {
                   ^
3 errors
7 warnings
