/Users/mushfiqurrahmanchowdhury/Documents/gson/specimin-out/65_toString/com/google/gson/internal/Streams.java:29: error: [override.return] Incompatible return type.
            public int length() {
                   ^
  found   : int
  required: @NonNegative int
  Consequence: method in CurrentWrite
    int length(CurrentWrite this)
  cannot override method in CharSequence
    @NonNegative int length(CharSequence this)
/Users/mushfiqurrahmanchowdhury/Documents/gson/specimin-out/65_toString/com/google/gson/internal/Streams.java:29: error: [override.return] Incompatible return type.
            public int length() {
                   ^
  found   : int
  required: @LTEqLengthOf("this") int
  Consequence: method in CurrentWrite
    int length(CurrentWrite this)
  cannot override method in CharSequence
    @LTEqLengthOf("this") int length(CharSequence this)
/Users/mushfiqurrahmanchowdhury/Documents/gson/specimin-out/65_toString/com/google/gson/internal/Streams.java:41: error: [override.return] Incompatible return type.
            public String toString() {
                   ^
  found   : String
  required: @SameLen("this") String
  Consequence: method in CurrentWrite
    String toString(CurrentWrite this)
  cannot override method in CharSequence
    @SameLen("this") String toString(CharSequence this)
3 errors
